../Core/Src/oled.c:61:6:SSD1306_ScrollRight	16	static
../Core/Src/oled.c:74:6:SSD1306_ScrollLeft	16	static
../Core/Src/oled.c:87:6:SSD1306_Scrolldiagright	16	static
../Core/Src/oled.c:103:6:SSD1306_Scrolldiagleft	16	static
../Core/Src/oled.c:119:6:SSD1306_Stopscroll	8	static
../Core/Src/oled.c:126:6:SSD1306_InvertDisplay	16	static
../Core/Src/oled.c:135:6:SSD1306_DrawBitmap	32	static
../Core/Src/oled.c:165:9:SSD1306_Init	16	static
../Core/Src/oled.c:225:6:SSD1306_UpdateScreen	16	static
../Core/Src/oled.c:238:6:SSD1306_ToggleInvert	16	static
../Core/Src/oled.c:250:6:SSD1306_Fill	16	static
../Core/Src/oled.c:255:6:SSD1306_DrawPixel	16	static
../Core/Src/oled.c:277:6:SSD1306_GotoXY	16	static
../Core/Src/oled.c:283:6:SSD1306_Putc	32	static
../Core/Src/oled.c:314:6:SSD1306_Puts	24	static
../Core/Src/oled.c:332:6:SSD1306_DrawLine	40	static
../Core/Src/oled.c:416:6:SSD1306_DrawRectangle	32	static
../Core/Src/oled.c:441:6:SSD1306_DrawFilledRectangle	40	static
../Core/Src/oled.c:468:6:SSD1306_DrawTriangle	32	static
../Core/Src/oled.c:476:6:SSD1306_DrawFilledTriangle	64	static
../Core/Src/oled.c:532:6:SSD1306_DrawCircle	40	static
../Core/Src/oled.c:566:6:SSD1306_DrawFilledCircle	48	static
../Core/Src/oled.c:599:6:SSD1306_Clear	8	static
../Core/Src/oled.c:604:6:SSD1306_ON	8	static
../Core/Src/oled.c:609:6:SSD1306_OFF	8	static
../Core/Src/oled.c:616:6:ssd1306_I2C_Init	16	static
../Core/Src/oled.c:625:6:ssd1306_I2C_WriteMulti	280	static
../Core/Src/oled.c:633:6:ssd1306_I2C_Write	16	static
